// Vitest Snapshot v1

exports[`sample2 1`] = `
<h1>
  Page03 desuyo
</h1>
`;
